// Vitest Snapshot v1, https://vitest.dev/guide/snapshot.html

exports[`trust engine — golden master > pins computeConfidence across the representative input grid 1`] = `
{
  "founder|c0|r0|p0|t0|h1": "score=0.8600 band=user_confirmed vis=visible fresh=16 recheck=24",
  "founder|c0|r0|p0|t0|h36": "score=0.7667 band=user_confirmed vis=visible fresh=16 recheck=24",
  "founder|c0|r0|p0|t0|h96": "score=0.5333 band=needs_recheck vis=visible fresh=4 recheck=6",
  "founder|c0|r0|p0|t1|h1": "score=0.9500 band=founder_verified vis=visible fresh=30 recheck=40",
  "founder|c0|r0|p0|t1|h36": "score=0.8567 band=user_confirmed vis=visible fresh=16 recheck=24",
  "founder|c0|r0|p0|t1|h96": "score=0.6233 band=recently_updated vis=visible fresh=8 recheck=12",
  "founder|c0|r0|p4|t0|h1": "score=0.9800 band=founder_verified vis=visible fresh=30 recheck=40",
  "founder|c0|r0|p4|t0|h36": "score=0.8867 band=user_confirmed vis=visible fresh=16 recheck=24",
  "founder|c0|r0|p4|t0|h96": "score=0.6533 band=recently_updated vis=visible fresh=8 recheck=12",
  "founder|c0|r0|p4|t1|h1": "score=0.9900 band=founder_verified vis=visible fresh=30 recheck=40",
  "founder|c0|r0|p4|t1|h36": "score=0.9767 band=founder_verified vis=visible fresh=30 recheck=40",
  "founder|c0|r0|p4|t1|h96": "score=0.7433 band=user_confirmed vis=visible fresh=16 recheck=24",
  "founder|c0|r1|p0|t0|h1": "score=0.7200 band=recently_updated vis=visible fresh=8 recheck=12",
  "founder|c0|r1|p0|t0|h36": "score=0.6267 band=recently_updated vis=visible fresh=8 recheck=12",
  "founder|c0|r1|p0|t0|h96": "score=0.3933 band=needs_recheck vis=shadow_hidden fresh=4 recheck=6",
  "founder|c0|r1|p0|t1|h1": "score=0.8100 band=user_confirmed vis=visible fresh=16 recheck=24",
  "founder|c0|r1|p0|t1|h36": "score=0.7167 band=recently_updated vis=visible fresh=8 recheck=12",
  "founder|c0|r1|p0|t1|h96": "score=0.4833 band=needs_recheck vis=visible fresh=4 recheck=6",
  "founder|c0|r1|p4|t0|h1": "score=0.8400 band=user_confirmed vis=visible fresh=16 recheck=24",
  "founder|c0|r1|p4|t0|h36": "score=0.7467 band=user_confirmed vis=visible fresh=16 recheck=24",
  "founder|c0|r1|p4|t0|h96": "score=0.5133 band=needs_recheck vis=visible fresh=4 recheck=6",
  "founder|c0|r1|p4|t1|h1": "score=0.9300 band=founder_verified vis=visible fresh=30 recheck=40",
  "founder|c0|r1|p4|t1|h36": "score=0.8367 band=user_confirmed vis=visible fresh=16 recheck=24",
  "founder|c0|r1|p4|t1|h96": "score=0.6033 band=recently_updated vis=visible fresh=8 recheck=12",
  "founder|c0|r2|p0|t0|h1": "score=0.5800 band=recently_updated vis=visible fresh=8 recheck=12",
  "founder|c0|r2|p0|t0|h36": "score=0.4867 band=disputed vis=visible fresh=3 recheck=4",
  "founder|c0|r2|p0|t0|h96": "score=0.2533 band=disputed vis=shadow_hidden fresh=3 recheck=4",
  "founder|c0|r2|p0|t1|h1": "score=0.6700 band=recently_updated vis=visible fresh=8 recheck=12",
  "founder|c0|r2|p0|t1|h36": "score=0.5767 band=recently_updated vis=visible fresh=8 recheck=12",
  "founder|c0|r2|p0|t1|h96": "score=0.3433 band=disputed vis=shadow_hidden fresh=3 recheck=4",
  "founder|c0|r2|p4|t0|h1": "score=0.7000 band=recently_updated vis=visible fresh=8 recheck=12",
  "founder|c0|r2|p4|t0|h36": "score=0.6067 band=recently_updated vis=visible fresh=8 recheck=12",
  "founder|c0|r2|p4|t0|h96": "score=0.3733 band=disputed vis=shadow_hidden fresh=3 recheck=4",
  "founder|c0|r2|p4|t1|h1": "score=0.7900 band=user_confirmed vis=visible fresh=16 recheck=24",
  "founder|c0|r2|p4|t1|h36": "score=0.6967 band=recently_updated vis=visible fresh=8 recheck=12",
  "founder|c0|r2|p4|t1|h96": "score=0.4633 band=disputed vis=visible fresh=3 recheck=4",
  "founder|c0|r4|p0|t0|h1": "score=0.3000 band=disputed vis=shadow_hidden fresh=3 recheck=4",
  "founder|c0|r4|p0|t0|h36": "score=0.2067 band=disputed vis=suppressed fresh=3 recheck=4",
  "founder|c0|r4|p0|t0|h96": "score=0.0500 band=disputed vis=suppressed fresh=3 recheck=4",
  "founder|c0|r4|p0|t1|h1": "score=0.3900 band=disputed vis=shadow_hidden fresh=3 recheck=4",
  "founder|c0|r4|p0|t1|h36": "score=0.2967 band=disputed vis=shadow_hidden fresh=3 recheck=4",
  "founder|c0|r4|p0|t1|h96": "score=0.0633 band=disputed vis=suppressed fresh=3 recheck=4",
  "founder|c0|r4|p4|t0|h1": "score=0.4200 band=disputed vis=visible fresh=3 recheck=4",
  "founder|c0|r4|p4|t0|h36": "score=0.3267 band=disputed vis=shadow_hidden fresh=3 recheck=4",
  "founder|c0|r4|p4|t0|h96": "score=0.0933 band=disputed vis=suppressed fresh=3 recheck=4",
  "founder|c0|r4|p4|t1|h1": "score=0.5100 band=needs_recheck vis=visible fresh=4 recheck=6",
  "founder|c0|r4|p4|t1|h36": "score=0.4167 band=disputed vis=visible fresh=3 recheck=4",
  "founder|c0|r4|p4|t1|h96": "score=0.1833 band=disputed vis=suppressed fresh=3 recheck=4",
  "founder|c3|r0|p0|t0|h1": "score=0.9900 band=founder_verified vis=visible fresh=30 recheck=40",
  "founder|c3|r0|p0|t0|h36": "score=0.9467 band=founder_verified vis=visible fresh=30 recheck=40",
  "founder|c3|r0|p0|t0|h96": "score=0.7133 band=recently_updated vis=visible fresh=8 recheck=12",
  "founder|c3|r0|p0|t1|h1": "score=0.9900 band=founder_verified vis=visible fresh=30 recheck=40",
  "founder|c3|r0|p0|t1|h36": "score=0.9900 band=founder_verified vis=visible fresh=30 recheck=40",
  "founder|c3|r0|p0|t1|h96": "score=0.8033 band=user_confirmed vis=visible fresh=16 recheck=24",
  "founder|c3|r0|p4|t0|h1": "score=0.9900 band=founder_verified vis=visible fresh=30 recheck=40",
  "founder|c3|r0|p4|t0|h36": "score=0.9900 band=founder_verified vis=visible fresh=30 recheck=40",
  "founder|c3|r0|p4|t0|h96": "score=0.8333 band=user_confirmed vis=visible fresh=16 recheck=24",
  "founder|c3|r0|p4|t1|h1": "score=0.9900 band=founder_verified vis=visible fresh=30 recheck=40",
  "founder|c3|r0|p4|t1|h36": "score=0.9900 band=founder_verified vis=visible fresh=30 recheck=40",
  "founder|c3|r0|p4|t1|h96": "score=0.9233 band=founder_verified vis=visible fresh=30 recheck=40",
  "founder|c3|r1|p0|t0|h1": "score=0.9000 band=founder_verified vis=visible fresh=30 recheck=40",
  "founder|c3|r1|p0|t0|h36": "score=0.8067 band=user_confirmed vis=visible fresh=16 recheck=24",
  "founder|c3|r1|p0|t0|h96": "score=0.5733 band=recently_updated vis=visible fresh=8 recheck=12",
  "founder|c3|r1|p0|t1|h1": "score=0.9900 band=founder_verified vis=visible fresh=30 recheck=40",
  "founder|c3|r1|p0|t1|h36": "score=0.8967 band=user_confirmed vis=visible fresh=16 recheck=24",
  "founder|c3|r1|p0|t1|h96": "score=0.6633 band=recently_updated vis=visible fresh=8 recheck=12",
  "founder|c3|r1|p4|t0|h1": "score=0.9900 band=founder_verified vis=visible fresh=30 recheck=40",
  "founder|c3|r1|p4|t0|h36": "score=0.9267 band=founder_verified vis=visible fresh=30 recheck=40",
  "founder|c3|r1|p4|t0|h96": "score=0.6933 band=recently_updated vis=visible fresh=8 recheck=12",
  "founder|c3|r1|p4|t1|h1": "score=0.9900 band=founder_verified vis=visible fresh=30 recheck=40",
  "founder|c3|r1|p4|t1|h36": "score=0.9900 band=founder_verified vis=visible fresh=30 recheck=40",
  "founder|c3|r1|p4|t1|h96": "score=0.7833 band=user_confirmed vis=visible fresh=16 recheck=24",
  "founder|c3|r2|p0|t0|h1": "score=0.7600 band=user_confirmed vis=visible fresh=16 recheck=24",
  "founder|c3|r2|p0|t0|h36": "score=0.6667 band=recently_updated vis=visible fresh=8 recheck=12",
  "founder|c3|r2|p0|t0|h96": "score=0.4333 band=disputed vis=visible fresh=3 recheck=4",
  "founder|c3|r2|p0|t1|h1": "score=0.8500 band=user_confirmed vis=visible fresh=16 recheck=24",
  "founder|c3|r2|p0|t1|h36": "score=0.7567 band=user_confirmed vis=visible fresh=16 recheck=24",
  "founder|c3|r2|p0|t1|h96": "score=0.5233 band=needs_recheck vis=visible fresh=4 recheck=6",
  "founder|c3|r2|p4|t0|h1": "score=0.8800 band=user_confirmed vis=visible fresh=16 recheck=24",
  "founder|c3|r2|p4|t0|h36": "score=0.7867 band=user_confirmed vis=visible fresh=16 recheck=24",
  "founder|c3|r2|p4|t0|h96": "score=0.5533 band=recently_updated vis=visible fresh=8 recheck=12",
  "founder|c3|r2|p4|t1|h1": "score=0.9700 band=founder_verified vis=visible fresh=30 recheck=40",
  "founder|c3|r2|p4|t1|h36": "score=0.8767 band=user_confirmed vis=visible fresh=16 recheck=24",
  "founder|c3|r2|p4|t1|h96": "score=0.6433 band=recently_updated vis=visible fresh=8 recheck=12",
  "founder|c3|r4|p0|t0|h1": "score=0.4800 band=disputed vis=visible fresh=3 recheck=4",
  "founder|c3|r4|p0|t0|h36": "score=0.3867 band=disputed vis=shadow_hidden fresh=3 recheck=4",
  "founder|c3|r4|p0|t0|h96": "score=0.1533 band=disputed vis=suppressed fresh=3 recheck=4",
  "founder|c3|r4|p0|t1|h1": "score=0.5700 band=recently_updated vis=visible fresh=8 recheck=12",
  "founder|c3|r4|p0|t1|h36": "score=0.4767 band=disputed vis=visible fresh=3 recheck=4",
  "founder|c3|r4|p0|t1|h96": "score=0.2433 band=disputed vis=shadow_hidden fresh=3 recheck=4",
  "founder|c3|r4|p4|t0|h1": "score=0.6000 band=recently_updated vis=visible fresh=8 recheck=12",
  "founder|c3|r4|p4|t0|h36": "score=0.5067 band=needs_recheck vis=visible fresh=4 recheck=6",
  "founder|c3|r4|p4|t0|h96": "score=0.2733 band=disputed vis=shadow_hidden fresh=3 recheck=4",
  "founder|c3|r4|p4|t1|h1": "score=0.6900 band=recently_updated vis=visible fresh=8 recheck=12",
  "founder|c3|r4|p4|t1|h36": "score=0.5967 band=recently_updated vis=visible fresh=8 recheck=12",
  "founder|c3|r4|p4|t1|h96": "score=0.3633 band=disputed vis=shadow_hidden fresh=3 recheck=4",
  "merchant|c0|r0|p0|t0|h1": "score=0.8000 band=user_confirmed vis=visible fresh=16 recheck=24",
  "merchant|c0|r0|p0|t0|h36": "score=0.7067 band=recently_updated vis=visible fresh=8 recheck=12",
  "merchant|c0|r0|p0|t0|h96": "score=0.4733 band=needs_recheck vis=visible fresh=4 recheck=6",
  "merchant|c0|r0|p0|t1|h1": "score=0.8900 band=merchant_confirmed vis=visible fresh=24 recheck=32",
  "merchant|c0|r0|p0|t1|h36": "score=0.7967 band=user_confirmed vis=visible fresh=16 recheck=24",
  "merchant|c0|r0|p0|t1|h96": "score=0.5633 band=recently_updated vis=visible fresh=8 recheck=12",
  "merchant|c0|r0|p4|t0|h1": "score=0.9200 band=merchant_confirmed vis=visible fresh=24 recheck=32",
  "merchant|c0|r0|p4|t0|h36": "score=0.8267 band=merchant_confirmed vis=visible fresh=24 recheck=32",
  "merchant|c0|r0|p4|t0|h96": "score=0.5933 band=recently_updated vis=visible fresh=8 recheck=12",
  "merchant|c0|r0|p4|t1|h1": "score=0.9900 band=merchant_confirmed vis=visible fresh=24 recheck=32",
  "merchant|c0|r0|p4|t1|h36": "score=0.9167 band=merchant_confirmed vis=visible fresh=24 recheck=32",
  "merchant|c0|r0|p4|t1|h96": "score=0.6833 band=recently_updated vis=visible fresh=8 recheck=12",
  "merchant|c0|r1|p0|t0|h1": "score=0.6600 band=recently_updated vis=visible fresh=8 recheck=12",
  "merchant|c0|r1|p0|t0|h36": "score=0.5667 band=recently_updated vis=visible fresh=8 recheck=12",
  "merchant|c0|r1|p0|t0|h96": "score=0.3333 band=needs_recheck vis=shadow_hidden fresh=4 recheck=6",
  "merchant|c0|r1|p0|t1|h1": "score=0.7500 band=user_confirmed vis=visible fresh=16 recheck=24",
  "merchant|c0|r1|p0|t1|h36": "score=0.6567 band=recently_updated vis=visible fresh=8 recheck=12",
  "merchant|c0|r1|p0|t1|h96": "score=0.4233 band=needs_recheck vis=visible fresh=4 recheck=6",
  "merchant|c0|r1|p4|t0|h1": "score=0.7800 band=user_confirmed vis=visible fresh=16 recheck=24",
  "merchant|c0|r1|p4|t0|h36": "score=0.6867 band=recently_updated vis=visible fresh=8 recheck=12",
  "merchant|c0|r1|p4|t0|h96": "score=0.4533 band=needs_recheck vis=visible fresh=4 recheck=6",
  "merchant|c0|r1|p4|t1|h1": "score=0.8700 band=merchant_confirmed vis=visible fresh=24 recheck=32",
  "merchant|c0|r1|p4|t1|h36": "score=0.7767 band=user_confirmed vis=visible fresh=16 recheck=24",
  "merchant|c0|r1|p4|t1|h96": "score=0.5433 band=needs_recheck vis=visible fresh=4 recheck=6",
  "merchant|c0|r2|p0|t0|h1": "score=0.5200 band=needs_recheck vis=visible fresh=4 recheck=6",
  "merchant|c0|r2|p0|t0|h36": "score=0.4267 band=disputed vis=visible fresh=3 recheck=4",
  "merchant|c0|r2|p0|t0|h96": "score=0.1933 band=disputed vis=suppressed fresh=3 recheck=4",
  "merchant|c0|r2|p0|t1|h1": "score=0.6100 band=recently_updated vis=visible fresh=8 recheck=12",
  "merchant|c0|r2|p0|t1|h36": "score=0.5167 band=needs_recheck vis=visible fresh=4 recheck=6",
  "merchant|c0|r2|p0|t1|h96": "score=0.2833 band=disputed vis=shadow_hidden fresh=3 recheck=4",
  "merchant|c0|r2|p4|t0|h1": "score=0.6400 band=recently_updated vis=visible fresh=8 recheck=12",
  "merchant|c0|r2|p4|t0|h36": "score=0.5467 band=needs_recheck vis=visible fresh=4 recheck=6",
  "merchant|c0|r2|p4|t0|h96": "score=0.3133 band=disputed vis=shadow_hidden fresh=3 recheck=4",
  "merchant|c0|r2|p4|t1|h1": "score=0.7300 band=recently_updated vis=visible fresh=8 recheck=12",
  "merchant|c0|r2|p4|t1|h36": "score=0.6367 band=recently_updated vis=visible fresh=8 recheck=12",
  "merchant|c0|r2|p4|t1|h96": "score=0.4033 band=disputed vis=visible fresh=3 recheck=4",
  "merchant|c0|r4|p0|t0|h1": "score=0.2400 band=disputed vis=shadow_hidden fresh=3 recheck=4",
  "merchant|c0|r4|p0|t0|h36": "score=0.1467 band=disputed vis=suppressed fresh=3 recheck=4",
  "merchant|c0|r4|p0|t0|h96": "score=0.0500 band=disputed vis=suppressed fresh=3 recheck=4",
  "merchant|c0|r4|p0|t1|h1": "score=0.3300 band=disputed vis=shadow_hidden fresh=3 recheck=4",
  "merchant|c0|r4|p0|t1|h36": "score=0.2367 band=disputed vis=shadow_hidden fresh=3 recheck=4",
  "merchant|c0|r4|p0|t1|h96": "score=0.0500 band=disputed vis=suppressed fresh=3 recheck=4",
  "merchant|c0|r4|p4|t0|h1": "score=0.3600 band=disputed vis=shadow_hidden fresh=3 recheck=4",
  "merchant|c0|r4|p4|t0|h36": "score=0.2667 band=disputed vis=shadow_hidden fresh=3 recheck=4",
  "merchant|c0|r4|p4|t0|h96": "score=0.0500 band=disputed vis=suppressed fresh=3 recheck=4",
  "merchant|c0|r4|p4|t1|h1": "score=0.4500 band=disputed vis=visible fresh=3 recheck=4",
  "merchant|c0|r4|p4|t1|h36": "score=0.3567 band=disputed vis=shadow_hidden fresh=3 recheck=4",
  "merchant|c0|r4|p4|t1|h96": "score=0.1233 band=disputed vis=suppressed fresh=3 recheck=4",
  "merchant|c3|r0|p0|t0|h1": "score=0.9800 band=merchant_confirmed vis=visible fresh=24 recheck=32",
  "merchant|c3|r0|p0|t0|h36": "score=0.8867 band=merchant_confirmed vis=visible fresh=24 recheck=32",
  "merchant|c3|r0|p0|t0|h96": "score=0.6533 band=recently_updated vis=visible fresh=8 recheck=12",
  "merchant|c3|r0|p0|t1|h1": "score=0.9900 band=merchant_confirmed vis=visible fresh=24 recheck=32",
  "merchant|c3|r0|p0|t1|h36": "score=0.9767 band=merchant_confirmed vis=visible fresh=24 recheck=32",
  "merchant|c3|r0|p0|t1|h96": "score=0.7433 band=user_confirmed vis=visible fresh=16 recheck=24",
  "merchant|c3|r0|p4|t0|h1": "score=0.9900 band=merchant_confirmed vis=visible fresh=24 recheck=32",
  "merchant|c3|r0|p4|t0|h36": "score=0.9900 band=merchant_confirmed vis=visible fresh=24 recheck=32",
  "merchant|c3|r0|p4|t0|h96": "score=0.7733 band=user_confirmed vis=visible fresh=16 recheck=24",
  "merchant|c3|r0|p4|t1|h1": "score=0.9900 band=merchant_confirmed vis=visible fresh=24 recheck=32",
  "merchant|c3|r0|p4|t1|h36": "score=0.9900 band=merchant_confirmed vis=visible fresh=24 recheck=32",
  "merchant|c3|r0|p4|t1|h96": "score=0.8633 band=merchant_confirmed vis=visible fresh=24 recheck=32",
  "merchant|c3|r1|p0|t0|h1": "score=0.8400 band=merchant_confirmed vis=visible fresh=24 recheck=32",
  "merchant|c3|r1|p0|t0|h36": "score=0.7467 band=user_confirmed vis=visible fresh=16 recheck=24",
  "merchant|c3|r1|p0|t0|h96": "score=0.5133 band=needs_recheck vis=visible fresh=4 recheck=6",
  "merchant|c3|r1|p0|t1|h1": "score=0.9300 band=merchant_confirmed vis=visible fresh=24 recheck=32",
  "merchant|c3|r1|p0|t1|h36": "score=0.8367 band=merchant_confirmed vis=visible fresh=24 recheck=32",
  "merchant|c3|r1|p0|t1|h96": "score=0.6033 band=recently_updated vis=visible fresh=8 recheck=12",
  "merchant|c3|r1|p4|t0|h1": "score=0.9600 band=merchant_confirmed vis=visible fresh=24 recheck=32",
  "merchant|c3|r1|p4|t0|h36": "score=0.8667 band=merchant_confirmed vis=visible fresh=24 recheck=32",
  "merchant|c3|r1|p4|t0|h96": "score=0.6333 band=recently_updated vis=visible fresh=8 recheck=12",
  "merchant|c3|r1|p4|t1|h1": "score=0.9900 band=merchant_confirmed vis=visible fresh=24 recheck=32",
  "merchant|c3|r1|p4|t1|h36": "score=0.9567 band=merchant_confirmed vis=visible fresh=24 recheck=32",
  "merchant|c3|r1|p4|t1|h96": "score=0.7233 band=recently_updated vis=visible fresh=8 recheck=12",
  "merchant|c3|r2|p0|t0|h1": "score=0.7000 band=recently_updated vis=visible fresh=8 recheck=12",
  "merchant|c3|r2|p0|t0|h36": "score=0.6067 band=recently_updated vis=visible fresh=8 recheck=12",
  "merchant|c3|r2|p0|t0|h96": "score=0.3733 band=disputed vis=shadow_hidden fresh=3 recheck=4",
  "merchant|c3|r2|p0|t1|h1": "score=0.7900 band=user_confirmed vis=visible fresh=16 recheck=24",
  "merchant|c3|r2|p0|t1|h36": "score=0.6967 band=recently_updated vis=visible fresh=8 recheck=12",
  "merchant|c3|r2|p0|t1|h96": "score=0.4633 band=disputed vis=visible fresh=3 recheck=4",
  "merchant|c3|r2|p4|t0|h1": "score=0.8200 band=merchant_confirmed vis=visible fresh=24 recheck=32",
  "merchant|c3|r2|p4|t0|h36": "score=0.7267 band=recently_updated vis=visible fresh=8 recheck=12",
  "merchant|c3|r2|p4|t0|h96": "score=0.4933 band=disputed vis=visible fresh=3 recheck=4",
  "merchant|c3|r2|p4|t1|h1": "score=0.9100 band=merchant_confirmed vis=visible fresh=24 recheck=32",
  "merchant|c3|r2|p4|t1|h36": "score=0.8167 band=user_confirmed vis=visible fresh=16 recheck=24",
  "merchant|c3|r2|p4|t1|h96": "score=0.5833 band=recently_updated vis=visible fresh=8 recheck=12",
  "merchant|c3|r4|p0|t0|h1": "score=0.4200 band=disputed vis=visible fresh=3 recheck=4",
  "merchant|c3|r4|p0|t0|h36": "score=0.3267 band=disputed vis=shadow_hidden fresh=3 recheck=4",
  "merchant|c3|r4|p0|t0|h96": "score=0.0933 band=disputed vis=suppressed fresh=3 recheck=4",
  "merchant|c3|r4|p0|t1|h1": "score=0.5100 band=needs_recheck vis=visible fresh=4 recheck=6",
  "merchant|c3|r4|p0|t1|h36": "score=0.4167 band=disputed vis=visible fresh=3 recheck=4",
  "merchant|c3|r4|p0|t1|h96": "score=0.1833 band=disputed vis=suppressed fresh=3 recheck=4",
  "merchant|c3|r4|p4|t0|h1": "score=0.5400 band=needs_recheck vis=visible fresh=4 recheck=6",
  "merchant|c3|r4|p4|t0|h36": "score=0.4467 band=disputed vis=visible fresh=3 recheck=4",
  "merchant|c3|r4|p4|t0|h96": "score=0.2133 band=disputed vis=suppressed fresh=3 recheck=4",
  "merchant|c3|r4|p4|t1|h1": "score=0.6300 band=recently_updated vis=visible fresh=8 recheck=12",
  "merchant|c3|r4|p4|t1|h36": "score=0.5367 band=needs_recheck vis=visible fresh=4 recheck=6",
  "merchant|c3|r4|p4|t1|h96": "score=0.3033 band=disputed vis=shadow_hidden fresh=3 recheck=4",
  "moderator|c0|r0|p0|t0|h1": "score=0.7600 band=user_confirmed vis=visible fresh=16 recheck=24",
  "moderator|c0|r0|p0|t0|h36": "score=0.6667 band=recently_updated vis=visible fresh=8 recheck=12",
  "moderator|c0|r0|p0|t0|h96": "score=0.4333 band=needs_recheck vis=visible fresh=4 recheck=6",
  "moderator|c0|r0|p0|t1|h1": "score=0.8500 band=user_confirmed vis=visible fresh=16 recheck=24",
  "moderator|c0|r0|p0|t1|h36": "score=0.7567 band=user_confirmed vis=visible fresh=16 recheck=24",
  "moderator|c0|r0|p0|t1|h96": "score=0.5233 band=needs_recheck vis=visible fresh=4 recheck=6",
  "moderator|c0|r0|p4|t0|h1": "score=0.8800 band=user_confirmed vis=visible fresh=16 recheck=24",
  "moderator|c0|r0|p4|t0|h36": "score=0.7867 band=user_confirmed vis=visible fresh=16 recheck=24",
  "moderator|c0|r0|p4|t0|h96": "score=0.5533 band=recently_updated vis=visible fresh=8 recheck=12",
  "moderator|c0|r0|p4|t1|h1": "score=0.9700 band=user_confirmed vis=visible fresh=16 recheck=24",
  "moderator|c0|r0|p4|t1|h36": "score=0.8767 band=user_confirmed vis=visible fresh=16 recheck=24",
  "moderator|c0|r0|p4|t1|h96": "score=0.6433 band=recently_updated vis=visible fresh=8 recheck=12",
  "moderator|c0|r1|p0|t0|h1": "score=0.6200 band=recently_updated vis=visible fresh=8 recheck=12",
  "moderator|c0|r1|p0|t0|h36": "score=0.5267 band=needs_recheck vis=visible fresh=4 recheck=6",
  "moderator|c0|r1|p0|t0|h96": "score=0.2933 band=needs_recheck vis=shadow_hidden fresh=4 recheck=6",
  "moderator|c0|r1|p0|t1|h1": "score=0.7100 band=recently_updated vis=visible fresh=8 recheck=12",
  "moderator|c0|r1|p0|t1|h36": "score=0.6167 band=recently_updated vis=visible fresh=8 recheck=12",
  "moderator|c0|r1|p0|t1|h96": "score=0.3833 band=needs_recheck vis=shadow_hidden fresh=4 recheck=6",
  "moderator|c0|r1|p4|t0|h1": "score=0.7400 band=user_confirmed vis=visible fresh=16 recheck=24",
  "moderator|c0|r1|p4|t0|h36": "score=0.6467 band=recently_updated vis=visible fresh=8 recheck=12",
  "moderator|c0|r1|p4|t0|h96": "score=0.4133 band=needs_recheck vis=visible fresh=4 recheck=6",
  "moderator|c0|r1|p4|t1|h1": "score=0.8300 band=user_confirmed vis=visible fresh=16 recheck=24",
  "moderator|c0|r1|p4|t1|h36": "score=0.7367 band=recently_updated vis=visible fresh=8 recheck=12",
  "moderator|c0|r1|p4|t1|h96": "score=0.5033 band=needs_recheck vis=visible fresh=4 recheck=6",
  "moderator|c0|r2|p0|t0|h1": "score=0.4800 band=disputed vis=visible fresh=3 recheck=4",
  "moderator|c0|r2|p0|t0|h36": "score=0.3867 band=disputed vis=shadow_hidden fresh=3 recheck=4",
  "moderator|c0|r2|p0|t0|h96": "score=0.1533 band=disputed vis=suppressed fresh=3 recheck=4",
  "moderator|c0|r2|p0|t1|h1": "score=0.5700 band=recently_updated vis=visible fresh=8 recheck=12",
  "moderator|c0|r2|p0|t1|h36": "score=0.4767 band=disputed vis=visible fresh=3 recheck=4",
  "moderator|c0|r2|p0|t1|h96": "score=0.2433 band=disputed vis=shadow_hidden fresh=3 recheck=4",
  "moderator|c0|r2|p4|t0|h1": "score=0.6000 band=recently_updated vis=visible fresh=8 recheck=12",
  "moderator|c0|r2|p4|t0|h36": "score=0.5067 band=needs_recheck vis=visible fresh=4 recheck=6",
  "moderator|c0|r2|p4|t0|h96": "score=0.2733 band=disputed vis=shadow_hidden fresh=3 recheck=4",
  "moderator|c0|r2|p4|t1|h1": "score=0.6900 band=recently_updated vis=visible fresh=8 recheck=12",
  "moderator|c0|r2|p4|t1|h36": "score=0.5967 band=recently_updated vis=visible fresh=8 recheck=12",
  "moderator|c0|r2|p4|t1|h96": "score=0.3633 band=disputed vis=shadow_hidden fresh=3 recheck=4",
  "moderator|c0|r4|p0|t0|h1": "score=0.2000 band=disputed vis=suppressed fresh=3 recheck=4",
  "moderator|c0|r4|p0|t0|h36": "score=0.1067 band=disputed vis=suppressed fresh=3 recheck=4",
  "moderator|c0|r4|p0|t0|h96": "score=0.0500 band=disputed vis=suppressed fresh=3 recheck=4",
  "moderator|c0|r4|p0|t1|h1": "score=0.2900 band=disputed vis=shadow_hidden fresh=3 recheck=4",
  "moderator|c0|r4|p0|t1|h36": "score=0.1967 band=disputed vis=suppressed fresh=3 recheck=4",
  "moderator|c0|r4|p0|t1|h96": "score=0.0500 band=disputed vis=suppressed fresh=3 recheck=4",
  "moderator|c0|r4|p4|t0|h1": "score=0.3200 band=disputed vis=shadow_hidden fresh=3 recheck=4",
  "moderator|c0|r4|p4|t0|h36": "score=0.2267 band=disputed vis=shadow_hidden fresh=3 recheck=4",
  "moderator|c0|r4|p4|t0|h96": "score=0.0500 band=disputed vis=suppressed fresh=3 recheck=4",
  "moderator|c0|r4|p4|t1|h1": "score=0.4100 band=disputed vis=visible fresh=3 recheck=4",
  "moderator|c0|r4|p4|t1|h36": "score=0.3167 band=disputed vis=shadow_hidden fresh=3 recheck=4",
  "moderator|c0|r4|p4|t1|h96": "score=0.0833 band=disputed vis=suppressed fresh=3 recheck=4",
  "moderator|c3|r0|p0|t0|h1": "score=0.9400 band=user_confirmed vis=visible fresh=16 recheck=24",
  "moderator|c3|r0|p0|t0|h36": "score=0.8467 band=user_confirmed vis=visible fresh=16 recheck=24",
  "moderator|c3|r0|p0|t0|h96": "score=0.6133 band=recently_updated vis=visible fresh=8 recheck=12",
  "moderator|c3|r0|p0|t1|h1": "score=0.9900 band=user_confirmed vis=visible fresh=16 recheck=24",
  "moderator|c3|r0|p0|t1|h36": "score=0.9367 band=user_confirmed vis=visible fresh=16 recheck=24",
  "moderator|c3|r0|p0|t1|h96": "score=0.7033 band=recently_updated vis=visible fresh=8 recheck=12",
  "moderator|c3|r0|p4|t0|h1": "score=0.9900 band=user_confirmed vis=visible fresh=16 recheck=24",
  "moderator|c3|r0|p4|t0|h36": "score=0.9667 band=user_confirmed vis=visible fresh=16 recheck=24",
  "moderator|c3|r0|p4|t0|h96": "score=0.7333 band=recently_updated vis=visible fresh=8 recheck=12",
  "moderator|c3|r0|p4|t1|h1": "score=0.9900 band=user_confirmed vis=visible fresh=16 recheck=24",
  "moderator|c3|r0|p4|t1|h36": "score=0.9900 band=user_confirmed vis=visible fresh=16 recheck=24",
  "moderator|c3|r0|p4|t1|h96": "score=0.8233 band=user_confirmed vis=visible fresh=16 recheck=24",
  "moderator|c3|r1|p0|t0|h1": "score=0.8000 band=user_confirmed vis=visible fresh=16 recheck=24",
  "moderator|c3|r1|p0|t0|h36": "score=0.7067 band=recently_updated vis=visible fresh=8 recheck=12",
  "moderator|c3|r1|p0|t0|h96": "score=0.4733 band=needs_recheck vis=visible fresh=4 recheck=6",
  "moderator|c3|r1|p0|t1|h1": "score=0.8900 band=user_confirmed vis=visible fresh=16 recheck=24",
  "moderator|c3|r1|p0|t1|h36": "score=0.7967 band=user_confirmed vis=visible fresh=16 recheck=24",
  "moderator|c3|r1|p0|t1|h96": "score=0.5633 band=recently_updated vis=visible fresh=8 recheck=12",
  "moderator|c3|r1|p4|t0|h1": "score=0.9200 band=user_confirmed vis=visible fresh=16 recheck=24",
  "moderator|c3|r1|p4|t0|h36": "score=0.8267 band=user_confirmed vis=visible fresh=16 recheck=24",
  "moderator|c3|r1|p4|t0|h96": "score=0.5933 band=recently_updated vis=visible fresh=8 recheck=12",
  "moderator|c3|r1|p4|t1|h1": "score=0.9900 band=user_confirmed vis=visible fresh=16 recheck=24",
  "moderator|c3|r1|p4|t1|h36": "score=0.9167 band=user_confirmed vis=visible fresh=16 recheck=24",
  "moderator|c3|r1|p4|t1|h96": "score=0.6833 band=recently_updated vis=visible fresh=8 recheck=12",
  "moderator|c3|r2|p0|t0|h1": "score=0.6600 band=recently_updated vis=visible fresh=8 recheck=12",
  "moderator|c3|r2|p0|t0|h36": "score=0.5667 band=recently_updated vis=visible fresh=8 recheck=12",
  "moderator|c3|r2|p0|t0|h96": "score=0.3333 band=disputed vis=shadow_hidden fresh=3 recheck=4",
  "moderator|c3|r2|p0|t1|h1": "score=0.7500 band=user_confirmed vis=visible fresh=16 recheck=24",
  "moderator|c3|r2|p0|t1|h36": "score=0.6567 band=recently_updated vis=visible fresh=8 recheck=12",
  "moderator|c3|r2|p0|t1|h96": "score=0.4233 band=disputed vis=visible fresh=3 recheck=4",
  "moderator|c3|r2|p4|t0|h1": "score=0.7800 band=user_confirmed vis=visible fresh=16 recheck=24",
  "moderator|c3|r2|p4|t0|h36": "score=0.6867 band=recently_updated vis=visible fresh=8 recheck=12",
  "moderator|c3|r2|p4|t0|h96": "score=0.4533 band=disputed vis=visible fresh=3 recheck=4",
  "moderator|c3|r2|p4|t1|h1": "score=0.8700 band=user_confirmed vis=visible fresh=16 recheck=24",
  "moderator|c3|r2|p4|t1|h36": "score=0.7767 band=user_confirmed vis=visible fresh=16 recheck=24",
  "moderator|c3|r2|p4|t1|h96": "score=0.5433 band=needs_recheck vis=visible fresh=4 recheck=6",
  "moderator|c3|r4|p0|t0|h1": "score=0.3800 band=disputed vis=shadow_hidden fresh=3 recheck=4",
  "moderator|c3|r4|p0|t0|h36": "score=0.2867 band=disputed vis=shadow_hidden fresh=3 recheck=4",
  "moderator|c3|r4|p0|t0|h96": "score=0.0533 band=disputed vis=suppressed fresh=3 recheck=4",
  "moderator|c3|r4|p0|t1|h1": "score=0.4700 band=disputed vis=visible fresh=3 recheck=4",
  "moderator|c3|r4|p0|t1|h36": "score=0.3767 band=disputed vis=shadow_hidden fresh=3 recheck=4",
  "moderator|c3|r4|p0|t1|h96": "score=0.1433 band=disputed vis=suppressed fresh=3 recheck=4",
  "moderator|c3|r4|p4|t0|h1": "score=0.5000 band=needs_recheck vis=visible fresh=4 recheck=6",
  "moderator|c3|r4|p4|t0|h36": "score=0.4067 band=disputed vis=visible fresh=3 recheck=4",
  "moderator|c3|r4|p4|t0|h96": "score=0.1733 band=disputed vis=suppressed fresh=3 recheck=4",
  "moderator|c3|r4|p4|t1|h1": "score=0.5900 band=recently_updated vis=visible fresh=8 recheck=12",
  "moderator|c3|r4|p4|t1|h36": "score=0.4967 band=disputed vis=visible fresh=3 recheck=4",
  "moderator|c3|r4|p4|t1|h96": "score=0.2633 band=disputed vis=shadow_hidden fresh=3 recheck=4",
  "user|c0|r0|p0|t0|h1": "score=0.6400 band=recently_updated vis=visible fresh=8 recheck=12",
  "user|c0|r0|p0|t0|h36": "score=0.5467 band=needs_recheck vis=visible fresh=4 recheck=6",
  "user|c0|r0|p0|t0|h96": "score=0.3133 band=needs_recheck vis=shadow_hidden fresh=4 recheck=6",
  "user|c0|r0|p0|t1|h1": "score=0.7300 band=recently_updated vis=visible fresh=8 recheck=12",
  "user|c0|r0|p0|t1|h36": "score=0.6367 band=recently_updated vis=visible fresh=8 recheck=12",
  "user|c0|r0|p0|t1|h96": "score=0.4033 band=needs_recheck vis=visible fresh=4 recheck=6",
  "user|c0|r0|p4|t0|h1": "score=0.7600 band=user_confirmed vis=visible fresh=16 recheck=24",
  "user|c0|r0|p4|t0|h36": "score=0.6667 band=recently_updated vis=visible fresh=8 recheck=12",
  "user|c0|r0|p4|t0|h96": "score=0.4333 band=needs_recheck vis=visible fresh=4 recheck=6",
  "user|c0|r0|p4|t1|h1": "score=0.8500 band=user_confirmed vis=visible fresh=16 recheck=24",
  "user|c0|r0|p4|t1|h36": "score=0.7567 band=user_confirmed vis=visible fresh=16 recheck=24",
  "user|c0|r0|p4|t1|h96": "score=0.5233 band=needs_recheck vis=visible fresh=4 recheck=6",
  "user|c0|r1|p0|t0|h1": "score=0.5000 band=needs_recheck vis=visible fresh=4 recheck=6",
  "user|c0|r1|p0|t0|h36": "score=0.4067 band=needs_recheck vis=visible fresh=4 recheck=6",
  "user|c0|r1|p0|t0|h96": "score=0.1733 band=needs_recheck vis=suppressed fresh=4 recheck=6",
  "user|c0|r1|p0|t1|h1": "score=0.5900 band=recently_updated vis=visible fresh=8 recheck=12",
  "user|c0|r1|p0|t1|h36": "score=0.4967 band=needs_recheck vis=visible fresh=4 recheck=6",
  "user|c0|r1|p0|t1|h96": "score=0.2633 band=needs_recheck vis=shadow_hidden fresh=4 recheck=6",
  "user|c0|r1|p4|t0|h1": "score=0.6200 band=recently_updated vis=visible fresh=8 recheck=12",
  "user|c0|r1|p4|t0|h36": "score=0.5267 band=needs_recheck vis=visible fresh=4 recheck=6",
  "user|c0|r1|p4|t0|h96": "score=0.2933 band=needs_recheck vis=shadow_hidden fresh=4 recheck=6",
  "user|c0|r1|p4|t1|h1": "score=0.7100 band=recently_updated vis=visible fresh=8 recheck=12",
  "user|c0|r1|p4|t1|h36": "score=0.6167 band=recently_updated vis=visible fresh=8 recheck=12",
  "user|c0|r1|p4|t1|h96": "score=0.3833 band=needs_recheck vis=shadow_hidden fresh=4 recheck=6",
  "user|c0|r2|p0|t0|h1": "score=0.3600 band=disputed vis=shadow_hidden fresh=3 recheck=4",
  "user|c0|r2|p0|t0|h36": "score=0.2667 band=disputed vis=shadow_hidden fresh=3 recheck=4",
  "user|c0|r2|p0|t0|h96": "score=0.0500 band=disputed vis=suppressed fresh=3 recheck=4",
  "user|c0|r2|p0|t1|h1": "score=0.4500 band=disputed vis=visible fresh=3 recheck=4",
  "user|c0|r2|p0|t1|h36": "score=0.3567 band=disputed vis=shadow_hidden fresh=3 recheck=4",
  "user|c0|r2|p0|t1|h96": "score=0.1233 band=disputed vis=suppressed fresh=3 recheck=4",
  "user|c0|r2|p4|t0|h1": "score=0.4800 band=disputed vis=visible fresh=3 recheck=4",
  "user|c0|r2|p4|t0|h36": "score=0.3867 band=disputed vis=shadow_hidden fresh=3 recheck=4",
  "user|c0|r2|p4|t0|h96": "score=0.1533 band=disputed vis=suppressed fresh=3 recheck=4",
  "user|c0|r2|p4|t1|h1": "score=0.5700 band=recently_updated vis=visible fresh=8 recheck=12",
  "user|c0|r2|p4|t1|h36": "score=0.4767 band=disputed vis=visible fresh=3 recheck=4",
  "user|c0|r2|p4|t1|h96": "score=0.2433 band=disputed vis=shadow_hidden fresh=3 recheck=4",
  "user|c0|r4|p0|t0|h1": "score=0.0800 band=disputed vis=suppressed fresh=3 recheck=4",
  "user|c0|r4|p0|t0|h36": "score=0.0500 band=disputed vis=suppressed fresh=3 recheck=4",
  "user|c0|r4|p0|t0|h96": "score=0.0500 band=disputed vis=suppressed fresh=3 recheck=4",
  "user|c0|r4|p0|t1|h1": "score=0.1700 band=disputed vis=suppressed fresh=3 recheck=4",
  "user|c0|r4|p0|t1|h36": "score=0.0767 band=disputed vis=suppressed fresh=3 recheck=4",
  "user|c0|r4|p0|t1|h96": "score=0.0500 band=disputed vis=suppressed fresh=3 recheck=4",
  "user|c0|r4|p4|t0|h1": "score=0.2000 band=disputed vis=suppressed fresh=3 recheck=4",
  "user|c0|r4|p4|t0|h36": "score=0.1067 band=disputed vis=suppressed fresh=3 recheck=4",
  "user|c0|r4|p4|t0|h96": "score=0.0500 band=disputed vis=suppressed fresh=3 recheck=4",
  "user|c0|r4|p4|t1|h1": "score=0.2900 band=disputed vis=shadow_hidden fresh=3 recheck=4",
  "user|c0|r4|p4|t1|h36": "score=0.1967 band=disputed vis=suppressed fresh=3 recheck=4",
  "user|c0|r4|p4|t1|h96": "score=0.0500 band=disputed vis=suppressed fresh=3 recheck=4",
  "user|c3|r0|p0|t0|h1": "score=0.8200 band=user_confirmed vis=visible fresh=16 recheck=24",
  "user|c3|r0|p0|t0|h36": "score=0.7267 band=recently_updated vis=visible fresh=8 recheck=12",
  "user|c3|r0|p0|t0|h96": "score=0.4933 band=needs_recheck vis=visible fresh=4 recheck=6",
  "user|c3|r0|p0|t1|h1": "score=0.9100 band=user_confirmed vis=visible fresh=16 recheck=24",
  "user|c3|r0|p0|t1|h36": "score=0.8167 band=user_confirmed vis=visible fresh=16 recheck=24",
  "user|c3|r0|p0|t1|h96": "score=0.5833 band=recently_updated vis=visible fresh=8 recheck=12",
  "user|c3|r0|p4|t0|h1": "score=0.9400 band=user_confirmed vis=visible fresh=16 recheck=24",
  "user|c3|r0|p4|t0|h36": "score=0.8467 band=user_confirmed vis=visible fresh=16 recheck=24",
  "user|c3|r0|p4|t0|h96": "score=0.6133 band=recently_updated vis=visible fresh=8 recheck=12",
  "user|c3|r0|p4|t1|h1": "score=0.9900 band=user_confirmed vis=visible fresh=16 recheck=24",
  "user|c3|r0|p4|t1|h36": "score=0.9367 band=user_confirmed vis=visible fresh=16 recheck=24",
  "user|c3|r0|p4|t1|h96": "score=0.7033 band=recently_updated vis=visible fresh=8 recheck=12",
  "user|c3|r1|p0|t0|h1": "score=0.6800 band=recently_updated vis=visible fresh=8 recheck=12",
  "user|c3|r1|p0|t0|h36": "score=0.5867 band=recently_updated vis=visible fresh=8 recheck=12",
  "user|c3|r1|p0|t0|h96": "score=0.3533 band=needs_recheck vis=shadow_hidden fresh=4 recheck=6",
  "user|c3|r1|p0|t1|h1": "score=0.7700 band=user_confirmed vis=visible fresh=16 recheck=24",
  "user|c3|r1|p0|t1|h36": "score=0.6767 band=recently_updated vis=visible fresh=8 recheck=12",
  "user|c3|r1|p0|t1|h96": "score=0.4433 band=needs_recheck vis=visible fresh=4 recheck=6",
  "user|c3|r1|p4|t0|h1": "score=0.8000 band=user_confirmed vis=visible fresh=16 recheck=24",
  "user|c3|r1|p4|t0|h36": "score=0.7067 band=recently_updated vis=visible fresh=8 recheck=12",
  "user|c3|r1|p4|t0|h96": "score=0.4733 band=needs_recheck vis=visible fresh=4 recheck=6",
  "user|c3|r1|p4|t1|h1": "score=0.8900 band=user_confirmed vis=visible fresh=16 recheck=24",
  "user|c3|r1|p4|t1|h36": "score=0.7967 band=user_confirmed vis=visible fresh=16 recheck=24",
  "user|c3|r1|p4|t1|h96": "score=0.5633 band=recently_updated vis=visible fresh=8 recheck=12",
  "user|c3|r2|p0|t0|h1": "score=0.5400 band=needs_recheck vis=visible fresh=4 recheck=6",
  "user|c3|r2|p0|t0|h36": "score=0.4467 band=disputed vis=visible fresh=3 recheck=4",
  "user|c3|r2|p0|t0|h96": "score=0.2133 band=disputed vis=suppressed fresh=3 recheck=4",
  "user|c3|r2|p0|t1|h1": "score=0.6300 band=recently_updated vis=visible fresh=8 recheck=12",
  "user|c3|r2|p0|t1|h36": "score=0.5367 band=needs_recheck vis=visible fresh=4 recheck=6",
  "user|c3|r2|p0|t1|h96": "score=0.3033 band=disputed vis=shadow_hidden fresh=3 recheck=4",
  "user|c3|r2|p4|t0|h1": "score=0.6600 band=recently_updated vis=visible fresh=8 recheck=12",
  "user|c3|r2|p4|t0|h36": "score=0.5667 band=recently_updated vis=visible fresh=8 recheck=12",
  "user|c3|r2|p4|t0|h96": "score=0.3333 band=disputed vis=shadow_hidden fresh=3 recheck=4",
  "user|c3|r2|p4|t1|h1": "score=0.7500 band=user_confirmed vis=visible fresh=16 recheck=24",
  "user|c3|r2|p4|t1|h36": "score=0.6567 band=recently_updated vis=visible fresh=8 recheck=12",
  "user|c3|r2|p4|t1|h96": "score=0.4233 band=disputed vis=visible fresh=3 recheck=4",
  "user|c3|r4|p0|t0|h1": "score=0.2600 band=disputed vis=shadow_hidden fresh=3 recheck=4",
  "user|c3|r4|p0|t0|h36": "score=0.1667 band=disputed vis=suppressed fresh=3 recheck=4",
  "user|c3|r4|p0|t0|h96": "score=0.0500 band=disputed vis=suppressed fresh=3 recheck=4",
  "user|c3|r4|p0|t1|h1": "score=0.3500 band=disputed vis=shadow_hidden fresh=3 recheck=4",
  "user|c3|r4|p0|t1|h36": "score=0.2567 band=disputed vis=shadow_hidden fresh=3 recheck=4",
  "user|c3|r4|p0|t1|h96": "score=0.0500 band=disputed vis=suppressed fresh=3 recheck=4",
  "user|c3|r4|p4|t0|h1": "score=0.3800 band=disputed vis=shadow_hidden fresh=3 recheck=4",
  "user|c3|r4|p4|t0|h36": "score=0.2867 band=disputed vis=shadow_hidden fresh=3 recheck=4",
  "user|c3|r4|p4|t0|h96": "score=0.0533 band=disputed vis=suppressed fresh=3 recheck=4",
  "user|c3|r4|p4|t1|h1": "score=0.4700 band=disputed vis=visible fresh=3 recheck=4",
  "user|c3|r4|p4|t1|h36": "score=0.3767 band=disputed vis=shadow_hidden fresh=3 recheck=4",
  "user|c3|r4|p4|t1|h96": "score=0.1433 band=disputed vis=suppressed fresh=3 recheck=4",
}
`;
